Picked up _JAVA_OPTIONS: -XX:MaxRAMPercentage=60 -Dliquibase.analytics.enabled=false -Djavax.net.ssl.trustStore=/etc/keystore/keystore.jks -Djavax.net.ssl.trustStorePassword=123456

  .   ____          _            __ _ _
 /\\ / ___'_ __ _ _(_)_ __  __ _ \ \ \ \
( ( )\___ | '_ | '_| | '_ \/ _` | \ \ \ \
 \\/  ___)| |_)| | | | | || (_| |  ) ) ) )
  '  |____| .__|_| |_|_| |_\__, | / / / /
 =========|_|==============|___/=/_/_/_/

 :: Spring Boot ::                (v4.0.7)

2026-08-24T11:12:37.137Z  INFO 1 --- [national-address-cache] [           main] c.n.n.NationalAddressCacheApplication    : Starting NationalAddressCacheApplication v0.0.1-SNAPSHOT using Java 17.0.19 with PID 1 (/app/app.jar started by root in /app)
2026-08-24T11:12:37.146Z  INFO 1 --- [national-address-cache] [           main] c.n.n.NationalAddressCacheApplication    : No active profile set, falling back to 1 default profile: "default"
2026-08-24T11:12:44.946Z  INFO 1 --- [national-address-cache] [           main] .s.d.r.c.RepositoryConfigurationDelegate : Bootstrapping Spring Data JPA repositories in DEFAULT mode.
2026-08-24T11:12:45.631Z  INFO 1 --- [national-address-cache] [           main] .s.d.r.c.RepositoryConfigurationDelegate : Finished Spring Data repository scanning in 501 ms. Found 1 JPA repository interface.
2026-08-24T11:12:49.245Z  INFO 1 --- [national-address-cache] [           main] o.s.cloud.context.scope.GenericScope     : BeanFactory id=99e6d1e5-45c6-343e-b4e5-5f026dd5548a
2026-08-24T11:12:53.046Z  INFO 1 --- [national-address-cache] [           main] o.s.boot.tomcat.TomcatWebServer          : Tomcat initialized with port 8080 (http)
2026-08-24T11:12:53.238Z  INFO 1 --- [national-address-cache] [           main] o.apache.catalina.core.StandardService   : Starting service [Tomcat]
2026-08-24T11:12:53.238Z  INFO 1 --- [national-address-cache] [           main] o.apache.catalina.core.StandardEngine    : Starting Servlet engine: [Apache Tomcat/11.0.22]
2026-08-24T11:12:54.040Z  INFO 1 --- [national-address-cache] [           main] b.w.c.s.WebApplicationContextInitializer : Root WebApplicationContext: initialization completed in 16303 ms
2026-08-24T11:13:02.746Z  INFO 1 --- [national-address-cache] [           main] liquibase.ui                             : WARNING:

Liquibase detected the following invalid Community LIQUIBASE_* environment variables:

- LIQUIBASE_ENABLED

Find the list of valid environment variables at https://docs.liquibase.com/environment-variables

2026-08-24T11:13:02.832Z  WARN 1 --- [national-address-cache] [           main] liquibase.configuration                  :

Liquibase detected the following invalid Community LIQUIBASE_* environment variables:

- LIQUIBASE_ENABLED

Find the list of valid environment variables at https://docs.liquibase.com/environment-variables

2026-08-24T11:13:05.240Z  INFO 1 --- [national-address-cache] [           main] liquibase.changelog                      : Creating database changelog table with name: national_address.databasechangelog
2026-08-24T11:13:06.052Z  INFO 1 --- [national-address-cache] [           main] liquibase.command                        : Logging exception.
2026-08-24T11:13:06.052Z  INFO 1 --- [national-address-cache] [           main] liquibase.ui                             : ERROR: Exception Details
2026-08-24T11:13:06.052Z  INFO 1 --- [national-address-cache] [           main] liquibase.ui                             : ERROR: Exception Primary Class:  PSQLException
2026-08-24T11:13:06.052Z  INFO 1 --- [national-address-cache] [           main] liquibase.ui                             : ERROR: Exception Primary Reason:  ERROR: permission denied for schema national_address
  Position: 14
2026-08-24T11:13:06.052Z  INFO 1 --- [national-address-cache] [           main] liquibase.ui                             : ERROR: Exception Primary Source:  PostgreSQL 14.22
2026-08-24T11:13:06.053Z  INFO 1 --- [national-address-cache] [           main] liquibase.command                        : Command execution complete
2026-08-24T11:13:06.134Z  WARN 1 --- [national-address-cache] [           main] ConfigServletWebServerApplicationContext : Exception encountered during context initialization - cancelling refresh attempt: org.springframework.beans.factory.BeanCreationException: Error creating bean with name 'entityManagerFactory' defined in class path resource [org/springframework/boot/hibernate/autoconfigure/HibernateJpaConfiguration.class]: Failed to initialize dependency 'liquibase' of LoadTimeWeaverAware bean 'entityManagerFactory': Error creating bean with name 'liquibase' defined in class path resource [org/springframework/boot/liquibase/autoconfigure/LiquibaseAutoConfiguration$LiquibaseConfiguration.class]: liquibase.exception.CommandExecutionException: liquibase.exception.ChangeLogParseException: Error parsing classpath:db/changelog/db.changelog-master.yaml : An error occurred while attempting to create the database changelog table.  Please make sure that you have both read and write permissions for the 'national_address.databasechangelog' table.
2026-08-24T11:13:06.139Z  INFO 1 --- [national-address-cache] [           main] o.apache.catalina.core.StandardService   : Stopping service [Tomcat]
2026-08-24T11:13:06.235Z  INFO 1 --- [national-address-cache] [           main] .s.b.a.l.ConditionEvaluationReportLogger :

Error starting ApplicationContext. To display the condition evaluation report re-run your application with 'debug' enabled.
2026-08-24T11:13:06.346Z ERROR 1 --- [national-address-cache] [           main] o.s.boot.SpringApplication               : Application run failed

org.springframework.beans.factory.BeanCreationException: Error creating bean with name 'entityManagerFactory' defined in class path resource [org/springframework/boot/hibernate/autoconfigure/HibernateJpaConfiguration.class]: Failed to initialize dependency 'liquibase' of LoadTimeWeaverAware bean 'entityManagerFactory': Error creating bean with name 'liquibase' defined in class path resource [org/springframework/boot/liquibase/autoconfigure/LiquibaseAutoConfiguration$LiquibaseConfiguration.class]: liquibase.exception.CommandExecutionException: liquibase.exception.ChangeLogParseException: Error parsing classpath:db/changelog/db.changelog-master.yaml : An error occurred while attempting to create the database changelog table.  Please make sure that you have both read and write permissions for the 'national_address.databasechangelog' table.
	at org.springframework.beans.factory.support.AbstractBeanFactory.doGetBean(AbstractBeanFactory.java:322) ~[spring-beans-7.0.8.jar!/:7.0.8]
	at org.springframework.beans.factory.support.AbstractBeanFactory.getBean(AbstractBeanFactory.java:201) ~[spring-beans-7.0.8.jar!/:7.0.8]
	at org.springframework.context.support.AbstractApplicationContext.finishBeanFactoryInitialization(AbstractApplicationContext.java:977) ~[spring-context-7.0.8.jar!/:7.0.8]
	at org.springframework.context.support.AbstractApplicationContext.refresh(AbstractApplicationContext.java:621) ~[spring-context-7.0.8.jar!/:7.0.8]
	at org.springframework.boot.web.server.servlet.context.ServletWebServerApplicationContext.refresh(ServletWebServerApplicationContext.java:143) ~[spring-boot-web-server-4.0.7.jar!/:4.0.7]
	at org.springframework.boot.SpringApplication.refresh(SpringApplication.java:756) ~[spring-boot-4.0.7.jar!/:4.0.7]
	at org.springframework.boot.SpringApplication.refreshContext(SpringApplication.java:445) ~[spring-boot-4.0.7.jar!/:4.0.7]
	at org.springframework.boot.SpringApplication.run(SpringApplication.java:321) ~[spring-boot-4.0.7.jar!/:4.0.7]
	at org.springframework.boot.SpringApplication.run(SpringApplication.java:1365) ~[spring-boot-4.0.7.jar!/:4.0.7]
	at org.springframework.boot.SpringApplication.run(SpringApplication.java:1354) ~[spring-boot-4.0.7.jar!/:4.0.7]
	at com.neotek.nationaladdress.NationalAddressCacheApplication.main(NationalAddressCacheApplication.java:17) ~[!/:0.0.1-SNAPSHOT]
	at java.base/jdk.internal.reflect.NativeMethodAccessorImpl.invoke0(Native Method) ~[na:na]
	at java.base/jdk.internal.reflect.NativeMethodAccessorImpl.invoke(Unknown Source) ~[na:na]
	at java.base/jdk.internal.reflect.DelegatingMethodAccessorImpl.invoke(Unknown Source) ~[na:na]
	at java.base/java.lang.reflect.Method.invoke(Unknown Source) ~[na:na]
	at org.springframework.boot.loader.launch.Launcher.launch(Launcher.java:106) ~[app.jar:0.0.1-SNAPSHOT]
	at org.springframework.boot.loader.launch.Launcher.launch(Launcher.java:64) ~[app.jar:0.0.1-SNAPSHOT]
	at org.springframework.boot.loader.launch.JarLauncher.main(JarLauncher.java:40) ~[app.jar:0.0.1-SNAPSHOT]
Caused by: org.springframework.beans.factory.BeanCreationException: Error creating bean with name 'liquibase' defined in class path resource [org/springframework/boot/liquibase/autoconfigure/LiquibaseAutoConfiguration$LiquibaseConfiguration.class]: liquibase.exception.CommandExecutionException: liquibase.exception.ChangeLogParseException: Error parsing classpath:db/changelog/db.changelog-master.yaml : An error occurred while attempting to create the database changelog table.  Please make sure that you have both read and write permissions for the 'national_address.databasechangelog' table.
	at org.springframework.beans.factory.support.AbstractAutowireCapableBeanFactory.initializeBean(AbstractAutowireCapableBeanFactory.java:1815) ~[spring-beans-7.0.8.jar!/:7.0.8]
	at org.springframework.beans.factory.support.AbstractAutowireCapableBeanFactory.doCreateBean(AbstractAutowireCapableBeanFactory.java:603) ~[spring-beans-7.0.8.jar!/:7.0.8]
	at org.springframework.beans.factory.support.AbstractAutowireCapableBeanFactory.createBean(AbstractAutowireCapableBeanFactory.java:525) ~[spring-beans-7.0.8.jar!/:7.0.8]
	at org.springframework.beans.factory.support.AbstractBeanFactory.lambda$doGetBean$0(AbstractBeanFactory.java:333) ~[spring-beans-7.0.8.jar!/:7.0.8]
	at org.springframework.beans.factory.support.DefaultSingletonBeanRegistry.getSingleton(DefaultSingletonBeanRegistry.java:371) ~[spring-beans-7.0.8.jar!/:7.0.8]
	at org.springframework.beans.factory.support.AbstractBeanFactory.doGetBean(AbstractBeanFactory.java:331) ~[spring-beans-7.0.8.jar!/:7.0.8]
	at org.springframework.beans.factory.support.AbstractBeanFactory.getBean(AbstractBeanFactory.java:196) ~[spring-beans-7.0.8.jar!/:7.0.8]
	at org.springframework.beans.factory.support.AbstractBeanFactory.doGetBean(AbstractBeanFactory.java:309) ~[spring-beans-7.0.8.jar!/:7.0.8]
	... 17 common frames omitted
Caused by: liquibase.exception.LiquibaseException: liquibase.exception.CommandExecutionException: liquibase.exception.ChangeLogParseException: Error parsing classpath:db/changelog/db.changelog-master.yaml : An error occurred while attempting to create the database changelog table.  Please make sure that you have both read and write permissions for the 'national_address.databasechangelog' table.
	at liquibase.integration.spring.SpringLiquibase.afterPropertiesSet(SpringLiquibase.java:289) ~[liquibase-core-5.0.3.jar!/:na]
	at org.springframework.boot.liquibase.autoconfigure.DataSourceClosingSpringLiquibase.afterPropertiesSet(DataSourceClosingSpringLiquibase.java:46) ~[spring-boot-liquibase-4.0.7.jar!/:4.0.7]
	at org.springframework.beans.factory.support.AbstractAutowireCapableBeanFactory.invokeInitMethods(AbstractAutowireCapableBeanFactory.java:1862) ~[spring-beans-7.0.8.jar!/:7.0.8]
	at org.springframework.beans.factory.support.AbstractAutowireCapableBeanFactory.initializeBean(AbstractAutowireCapableBeanFactory.java:1811) ~[spring-beans-7.0.8.jar!/:7.0.8]
	... 24 common frames omitted
Caused by: liquibase.exception.CommandExecutionException: liquibase.exception.ChangeLogParseException: Error parsing classpath:db/changelog/db.changelog-master.yaml : An error occurred while attempting to create the database changelog table.  Please make sure that you have both read and write permissions for the 'national_address.databasechangelog' table.
	at liquibase.command.CommandScope.lambda$execute$5(CommandScope.java:325) ~[liquibase-core-5.0.3.jar!/:na]
	at liquibase.Scope.child(Scope.java:252) ~[liquibase-core-5.0.3.jar!/:na]
	at liquibase.Scope.child(Scope.java:228) ~[liquibase-core-5.0.3.jar!/:na]
	at liquibase.command.CommandScope.execute(CommandScope.java:257) ~[liquibase-core-5.0.3.jar!/:na]
	at liquibase.Liquibase.lambda$update$0(Liquibase.java:216) ~[liquibase-core-5.0.3.jar!/:na]
	at liquibase.Scope.lambda$child$0(Scope.java:243) ~[liquibase-core-5.0.3.jar!/:na]
	at liquibase.Scope.child(Scope.java:252) ~[liquibase-core-5.0.3.jar!/:na]
	at liquibase.Scope.child(Scope.java:242) ~[liquibase-core-5.0.3.jar!/:na]
	at liquibase.Scope.child(Scope.java:221) ~[liquibase-core-5.0.3.jar!/:na]
	at liquibase.Liquibase.runInScope(Liquibase.java:1366) ~[liquibase-core-5.0.3.jar!/:na]
	at liquibase.Liquibase.update(Liquibase.java:205) ~[liquibase-core-5.0.3.jar!/:na]
	at liquibase.Liquibase.update(Liquibase.java:188) ~[liquibase-core-5.0.3.jar!/:na]
	at liquibase.integration.spring.SpringLiquibase.performUpdate(SpringLiquibase.java:327) ~[liquibase-core-5.0.3.jar!/:na]
	at liquibase.integration.spring.SpringLiquibase.lambda$afterPropertiesSet$0(SpringLiquibase.java:279) ~[liquibase-core-5.0.3.jar!/:na]
	at liquibase.Scope.lambda$child$0(Scope.java:243) ~[liquibase-core-5.0.3.jar!/:na]
	at liquibase.Scope.child(Scope.java:252) ~[liquibase-core-5.0.3.jar!/:na]
	at liquibase.Scope.child(Scope.java:242) ~[liquibase-core-5.0.3.jar!/:na]
	at liquibase.Scope.child(Scope.java:221) ~[liquibase-core-5.0.3.jar!/:na]
	at liquibase.integration.spring.SpringLiquibase.afterPropertiesSet(SpringLiquibase.java:272) ~[liquibase-core-5.0.3.jar!/:na]
	... 27 common frames omitted
Caused by: liquibase.exception.ChangeLogParseException: Error parsing classpath:db/changelog/db.changelog-master.yaml : An error occurred while attempting to create the database changelog table.  Please make sure that you have both read and write permissions for the 'national_address.databasechangelog' table.
	at liquibase.parser.core.yaml.YamlChangeLogParser.parse(YamlChangeLogParser.java:95) ~[liquibase-core-5.0.3.jar!/:na]
	at liquibase.command.core.helpers.DatabaseChangelogCommandStep.lambda$getDatabaseChangeLog$0(DatabaseChangelogCommandStep.java:143) ~[liquibase-core-5.0.3.jar!/:na]
	at liquibase.Scope.lambda$child$0(Scope.java:243) ~[liquibase-core-5.0.3.jar!/:na]
	at liquibase.Scope.child(Scope.java:252) ~[liquibase-core-5.0.3.jar!/:na]
	at liquibase.Scope.child(Scope.java:242) ~[liquibase-core-5.0.3.jar!/:na]
	at liquibase.Scope.child(Scope.java:221) ~[liquibase-core-5.0.3.jar!/:na]
	at liquibase.Scope.child(Scope.java:309) ~[liquibase-core-5.0.3.jar!/:na]
	at liquibase.Scope.child(Scope.java:313) ~[liquibase-core-5.0.3.jar!/:na]
	at liquibase.command.core.helpers.DatabaseChangelogCommandStep.getDatabaseChangeLog(DatabaseChangelogCommandStep.java:138) ~[liquibase-core-5.0.3.jar!/:na]
	at liquibase.command.core.helpers.DatabaseChangelogCommandStep.run(DatabaseChangelogCommandStep.java:84) ~[liquibase-core-5.0.3.jar!/:na]
	at liquibase.command.CommandScope.lambda$execute$5(CommandScope.java:269) ~[liquibase-core-5.0.3.jar!/:na]
	... 45 common frames omitted
Caused by: liquibase.exception.SetupException: An error occurred while attempting to create the database changelog table.  Please make sure that you have both read and write permissions for the 'national_address.databasechangelog' table.
	at liquibase.changelog.DatabaseChangeLog.handleInclude(DatabaseChangeLog.java:694) ~[liquibase-core-5.0.3.jar!/:na]
	at liquibase.changelog.DatabaseChangeLog.handleChildNodeHelper(DatabaseChangeLog.java:486) ~[liquibase-core-5.0.3.jar!/:na]
	at liquibase.changelog.DatabaseChangeLog.handleChildNode(DatabaseChangeLog.java:470) ~[liquibase-core-5.0.3.jar!/:na]
	at liquibase.changelog.DatabaseChangeLog.load(DatabaseChangeLog.java:437) ~[liquibase-core-5.0.3.jar!/:na]
	at liquibase.parser.core.yaml.YamlChangeLogParser.parse(YamlChangeLogParser.java:89) ~[liquibase-core-5.0.3.jar!/:na]
	... 55 common frames omitted
Caused by: liquibase.exception.DatabaseException: An error occurred while attempting to create the database changelog table.  Please make sure that you have both read and write permissions for the 'national_address.databasechangelog' table.
	at liquibase.changelog.StandardChangeLogHistoryService.init(StandardChangeLogHistoryService.java:282) ~[liquibase-core-5.0.3.jar!/:na]
	at liquibase.changelog.DatabaseChangeLog.include(DatabaseChangeLog.java:1181) ~[liquibase-core-5.0.3.jar!/:na]
	at liquibase.changelog.DatabaseChangeLog.handleInclude(DatabaseChangeLog.java:683) ~[liquibase-core-5.0.3.jar!/:na]
	... 59 common frames omitted
Caused by: liquibase.exception.DatabaseException: liquibase.exception.DatabaseException: ERROR: permission denied for schema national_address
  Position: 14 [Failed SQL: (0) CREATE TABLE national_address.databasechangelog (ID VARCHAR(255) NOT NULL, AUTHOR VARCHAR(255) NOT NULL, FILENAME VARCHAR(255) NOT NULL, DATEEXECUTED TIMESTAMP WITHOUT TIME ZONE NOT NULL, ORDEREXECUTED INTEGER NOT NULL, EXECTYPE VARCHAR(10) NOT NULL, MD5SUM VARCHAR(35), DESCRIPTION VARCHAR(255), COMMENTS VARCHAR(255), TAG VARCHAR(255), LIQUIBASE VARCHAR(20), CONTEXTS VARCHAR(255), LABELS VARCHAR(255), DEPLOYMENT_ID VARCHAR(10))]
	at liquibase.executor.jvm.ChangelogJdbcMdcListener.execute(ChangelogJdbcMdcListener.java:40) ~[liquibase-core-5.0.3.jar!/:na]
	at liquibase.changelog.StandardChangeLogHistoryService.init(StandardChangeLogHistoryService.java:272) ~[liquibase-core-5.0.3.jar!/:na]
	... 61 common frames omitted
Caused by: liquibase.exception.DatabaseException: ERROR: permission denied for schema national_address
  Position: 14 [Failed SQL: (0) CREATE TABLE national_address.databasechangelog (ID VARCHAR(255) NOT NULL, AUTHOR VARCHAR(255) NOT NULL, FILENAME VARCHAR(255) NOT NULL, DATEEXECUTED TIMESTAMP WITHOUT TIME ZONE NOT NULL, ORDEREXECUTED INTEGER NOT NULL, EXECTYPE VARCHAR(10) NOT NULL, MD5SUM VARCHAR(35), DESCRIPTION VARCHAR(255), COMMENTS VARCHAR(255), TAG VARCHAR(255), LIQUIBASE VARCHAR(20), CONTEXTS VARCHAR(255), LABELS VARCHAR(255), DEPLOYMENT_ID VARCHAR(10))]
	at liquibase.executor.jvm.JdbcExecutor$ExecuteStatementCallback.doInStatement(JdbcExecutor.java:525) ~[liquibase-core-5.0.3.jar!/:na]
	at liquibase.executor.jvm.JdbcExecutor.execute(JdbcExecutor.java:85) ~[liquibase-core-5.0.3.jar!/:na]
	at liquibase.executor.jvm.JdbcExecutor.execute(JdbcExecutor.java:188) ~[liquibase-core-5.0.3.jar!/:na]
	at liquibase.executor.jvm.JdbcExecutor.execute(JdbcExecutor.java:156) ~[liquibase-core-5.0.3.jar!/:na]
	at liquibase.changelog.StandardChangeLogHistoryService.lambda$init$0(StandardChangeLogHistoryService.java:272) ~[liquibase-core-5.0.3.jar!/:na]
	at liquibase.executor.jvm.ChangelogJdbcMdcListener.lambda$execute$0(ChangelogJdbcMdcListener.java:33) ~[liquibase-core-5.0.3.jar!/:na]
	at liquibase.Scope.lambda$child$0(Scope.java:243) ~[liquibase-core-5.0.3.jar!/:na]
	at liquibase.Scope.child(Scope.java:252) ~[liquibase-core-5.0.3.jar!/:na]
	at liquibase.Scope.child(Scope.java:242) ~[liquibase-core-5.0.3.jar!/:na]
	at liquibase.Scope.child(Scope.java:221) ~[liquibase-core-5.0.3.jar!/:na]
	at liquibase.executor.jvm.ChangelogJdbcMdcListener.execute(ChangelogJdbcMdcListener.java:32) ~[liquibase-core-5.0.3.jar!/:na]
	... 62 common frames omitted
Caused by: org.postgresql.util.PSQLException: ERROR: permission denied for schema national_address
  Position: 14
	at org.postgresql.core.v3.QueryExecutorImpl.receiveErrorResponse(QueryExecutorImpl.java:2904) ~[postgresql-42.7.11.jar!/:42.7.11]
	at org.postgresql.core.v3.QueryExecutorImpl.processResults(QueryExecutorImpl.java:2589) ~[postgresql-42.7.11.jar!/:42.7.11]
	at org.postgresql.core.v3.QueryExecutorImpl.execute(QueryExecutorImpl.java:431) ~[postgresql-42.7.11.jar!/:42.7.11]
	at org.postgresql.jdbc.PgStatement.executeInternal(PgStatement.java:534) ~[postgresql-42.7.11.jar!/:42.7.11]
	at org.postgresql.jdbc.PgStatement.execute(PgStatement.java:437) ~[postgresql-42.7.11.jar!/:42.7.11]
	at org.postgresql.jdbc.PgStatement.executeWithFlags(PgStatement.java:359) ~[postgresql-42.7.11.jar!/:42.7.11]
	at org.postgresql.jdbc.PgStatement.executeCachedSql(PgStatement.java:344) ~[postgresql-42.7.11.jar!/:42.7.11]
	at org.postgresql.jdbc.PgStatement.executeWithFlags(PgStatement.java:320) ~[postgresql-42.7.11.jar!/:42.7.11]
	at org.postgresql.jdbc.PgStatement.execute(PgStatement.java:315) ~[postgresql-42.7.11.jar!/:42.7.11]
	at liquibase.executor.jvm.JdbcExecutor$ExecuteStatementCallback.doInStatement(JdbcExecutor.java:517) ~[liquibase-core-5.0.3.jar!/:na]
	... 72 common frames omitted

